// Jest Snapshot v1, https://goo.gl/fbAQLP

exports[`webfontPlugin should generate and regenerate fonts and external config in watch mode: errors in compilation 0 1`] = `Array []`;

exports[`webfontPlugin should generate and regenerate fonts and external config in watch mode: warning in compilation 0 1`] = `Array []`;

exports[`webfontPlugin should generate fonts and build-in template: errors 1`] = `Array []`;

exports[`webfontPlugin should generate fonts and build-in template: warnings 1`] = `Array []`;

exports[`webfontPlugin should generate fonts and external config 1`] = `Array []`;

exports[`webfontPlugin should generate fonts and external config 2`] = `Array []`;

exports[`webfontPlugin should generate fonts and external template 1`] = `Array []`;

exports[`webfontPlugin should generate fonts and external template 2`] = `Array []`;

exports[`webfontPlugin should generate fonts and external template 3`] = `
Array [
  "bundle.js",
]
`;

exports[`webfontPlugin should has errors with default \`bail\` value 1`] = `Array []`;

exports[`webfontPlugin should has errors with default \`bail\` value 2`] = `
Array [
  "bundle.js",
]
`;

exports[`webfontPlugin should regenerate fonts and build-in template in watch mode: errors in compilation 0 1`] = `Array []`;

exports[`webfontPlugin should regenerate fonts and build-in template in watch mode: warning in compilation 0 1`] = `Array []`;

exports[`webfontPlugin should regenerate fonts and external template in watch mode: errors in compilation 0 1`] = `Array []`;

exports[`webfontPlugin should regenerate fonts and external template in watch mode: warning in compilation 0 1`] = `Array []`;
